https://api.modarchive.org/downloads.php?moduleid=81216#14k_trance.mod
https://api.modarchive.org/downloads.php?moduleid=130730#smells_like_a_grunge.mod
https://api.modarchive.org/downloads.php?moduleid=133358#xout.mod
https://api.modarchive.org/downloads.php?moduleid=104164#nenephantro_3.mod
https://api.modarchive.org/downloads.php?moduleid=106270#secret_science.mod
https://api.modarchive.org/downloads.php?moduleid=123091#8_ohms_10_hidden.mod
https://api.modarchive.org/downloads.php?moduleid=81558#chip_2.mod
https://api.modarchive.org/downloads.php?moduleid=94738#chipnewk.mod
https://api.modarchive.org/downloads.php?moduleid=125889#gros_pistolet.mod
https://api.modarchive.org/downloads.php?moduleid=45961#insta004.mod
https://api.modarchive.org/downloads.php?moduleid=99371#jaba_point.mod
https://api.modarchive.org/downloads.php?moduleid=128039#mighty_prozessors.mod
https://api.modarchive.org/downloads.php?moduleid=107408#nevermind_11.mod
https://api.modarchive.org/downloads.php?moduleid=117137#nutcracker_theme.mod
https://api.modarchive.org/downloads.php?moduleid=109211#richthofen_blues.mod
https://api.modarchive.org/downloads.php?moduleid=82971#the_garlic_monster.mod
https://api.modarchive.org/downloads.php?moduleid=80000#28.mod
https://api.modarchive.org/downloads.php?moduleid=92930#alphaville.mod
https://api.modarchive.org/downloads.php?moduleid=99846#anything_wrong.mod
https://api.modarchive.org/downloads.php?moduleid=126587#banana_slut_08.mod
https://api.modarchive.org/downloads.php?moduleid=125096#banana_slut_15.mod
https://api.modarchive.org/downloads.php?moduleid=111152#chippy_nr_258.mod
https://api.modarchive.org/downloads.php?moduleid=118581#choose3.mod
https://api.modarchive.org/downloads.php?moduleid=84530#continuum_sine_06.mod
https://api.modarchive.org/downloads.php?moduleid=40281#cybernet.mod
https://api.modarchive.org/downloads.php?moduleid=108242#dark_experience.mod
https://api.modarchive.org/downloads.php?moduleid=115187#den_falske_bassen.mod
https://api.modarchive.org/downloads.php?moduleid=109735#devnull.mod
https://api.modarchive.org/downloads.php?moduleid=106406#eff.mod
https://api.modarchive.org/downloads.php?moduleid=108212#feelin_free.mod
https://api.modarchive.org/downloads.php?moduleid=124315#gabbermannen.mod
https://api.modarchive.org/downloads.php?moduleid=101494#glittering_caves.mod
https://api.modarchive.org/downloads.php?moduleid=103843#heartland.mod
https://api.modarchive.org/downloads.php?moduleid=119977#hero_quest_remix.mod
https://api.modarchive.org/downloads.php?moduleid=114393#highspeed.mod
https://api.modarchive.org/downloads.php?moduleid=126492#inside_my_bag.mod
https://api.modarchive.org/downloads.php?moduleid=123852#kainalo.mod
https://api.modarchive.org/downloads.php?moduleid=120707#last_ninja_8.mod
https://api.modarchive.org/downloads.php?moduleid=127380#lazarus_groovebox.mod
https://api.modarchive.org/downloads.php?moduleid=47577#lazy.mod
https://api.modarchive.org/downloads.php?moduleid=84456#little_boy.mod
https://api.modarchive.org/downloads.php?moduleid=114184#mikroskopsmodul_2.mod
https://api.modarchive.org/downloads.php?moduleid=117994#miles_suggaz.mod
https://api.modarchive.org/downloads.php?moduleid=118416#minisomia.mod
https://api.modarchive.org/downloads.php?moduleid=113770#mitrax_chip.mod
https://api.modarchive.org/downloads.php?moduleid=128430#naolytic_adventures.mod
https://api.modarchive.org/downloads.php?moduleid=128942#orava.mod
https://api.modarchive.org/downloads.php?moduleid=129003#outasight.mod
https://api.modarchive.org/downloads.php?moduleid=129106#parasol.mod
https://api.modarchive.org/downloads.php?moduleid=95466#party_menu.mod
https://api.modarchive.org/downloads.php?moduleid=129429#poprelshort.mod
https://api.modarchive.org/downloads.php?moduleid=131209#stupid_bird.mod
https://api.modarchive.org/downloads.php?moduleid=118930#sweet_impression.mod
https://api.modarchive.org/downloads.php?moduleid=131392#synosis.mod
https://api.modarchive.org/downloads.php?moduleid=110355#ultima_vi_3.mod
https://api.modarchive.org/downloads.php?moduleid=104026#venom.mod
https://api.modarchive.org/downloads.php?moduleid=88673#virtual_raspberry.mod
https://api.modarchive.org/downloads.php?moduleid=133097#weenees_1.mod
https://api.modarchive.org/downloads.php?moduleid=97171#alive_and_kicking.mod
https://api.modarchive.org/downloads.php?moduleid=120942#alloyrun.mod
https://api.modarchive.org/downloads.php?moduleid=88094#arkanoid_final.mod
https://api.modarchive.org/downloads.php?moduleid=127032#backbackbackback.mod
https://api.modarchive.org/downloads.php?moduleid=125097#banana_slut_16.mod
https://api.modarchive.org/downloads.php?moduleid=127230#banana_slut_20.mod
https://api.modarchive.org/downloads.php?moduleid=127232#banana_slut_24.mod
https://api.modarchive.org/downloads.php?moduleid=104203#baracoda.mod
https://api.modarchive.org/downloads.php?moduleid=109088#behind_the_walls.mod
https://api.modarchive.org/downloads.php?moduleid=36409#between2.mod
https://api.modarchive.org/downloads.php?moduleid=124636#big_deal.mod
https://api.modarchive.org/downloads.php?moduleid=89598#black_ice.mod
https://api.modarchive.org/downloads.php?moduleid=113085#blue_socks.mod
https://api.modarchive.org/downloads.php?moduleid=114584#cdmusic.mod
https://api.modarchive.org/downloads.php?moduleid=110712#chippy_nr_121.mod
https://api.modarchive.org/downloads.php?moduleid=111135#chippy_nr_256.mod
https://api.modarchive.org/downloads.php?moduleid=111572#chippy_nr_270.mod
https://api.modarchive.org/downloads.php?moduleid=91203#cyberdyne.mod
https://api.modarchive.org/downloads.php?moduleid=123523#deceased_by_disease.mod
https://api.modarchive.org/downloads.php?moduleid=38586#disco_zax.mod
https://api.modarchive.org/downloads.php?moduleid=125834#forgotten_arts.mod
https://api.modarchive.org/downloads.php?moduleid=80057#helium.mod
https://api.modarchive.org/downloads.php?moduleid=122146#hippel_thing_ext.mod
https://api.modarchive.org/downloads.php?moduleid=124674#hong_kong_warez.mod
https://api.modarchive.org/downloads.php?moduleid=123757#hoodlum_crack02.mod
https://api.modarchive.org/downloads.php?moduleid=87114#hotwires.mod
https://api.modarchive.org/downloads.php?moduleid=88112#irregular.mod
https://api.modarchive.org/downloads.php?moduleid=121541#kosteat_kyyneleet.mod
https://api.modarchive.org/downloads.php?moduleid=83690#lametune1.mod
https://api.modarchive.org/downloads.php?moduleid=47448#lapland.mod
https://api.modarchive.org/downloads.php?moduleid=120559#load_it.mod
https://api.modarchive.org/downloads.php?moduleid=130030#robozap.mod
https://api.modarchive.org/downloads.php?moduleid=91797#rollin_on.mod
https://api.modarchive.org/downloads.php?moduleid=111229#rythm_is_a_dancer.mod
https://api.modarchive.org/downloads.php?moduleid=86749#scepticsong.mod
https://api.modarchive.org/downloads.php?moduleid=83181#senkunrevitan.mod
https://api.modarchive.org/downloads.php?moduleid=66468#shortie2.mod
https://api.modarchive.org/downloads.php?moduleid=81685#skogens_djur_036.mod
https://api.modarchive.org/downloads.php?moduleid=94312#sleep_me_dear.mod
https://api.modarchive.org/downloads.php?moduleid=93763#small_bitz.mod
https://api.modarchive.org/downloads.php?moduleid=66504#spiritual.mod
https://api.modarchive.org/downloads.php?moduleid=131336#suttelasen.mod
https://api.modarchive.org/downloads.php?moduleid=93772#telephone.mod
https://api.modarchive.org/downloads.php?moduleid=67725#lastrmx.mod
https://api.modarchive.org/downloads.php?moduleid=132171#tipical.mod
https://api.modarchive.org/downloads.php?moduleid=120297#upstro.mod
https://api.modarchive.org/downloads.php?moduleid=118087#visual.mod
https://api.modarchive.org/downloads.php?moduleid=133265#wondere_wereld.mod
https://api.modarchive.org/downloads.php?moduleid=133299#wothless.mod
https://api.modarchive.org/downloads.php?moduleid=93647#yinvision_ii.mod
https://api.modarchive.org/downloads.php?moduleid=108778#pavian.mod
https://api.modarchive.org/downloads.php?moduleid=101033#querolantenheim.mod
https://api.modarchive.org/downloads.php?moduleid=101865#rednoses_return.mod
https://api.modarchive.org/downloads.php?moduleid=129879#reflexintro.mod
https://api.modarchive.org/downloads.php?moduleid=85188#rew.mod
https://api.modarchive.org/downloads.php?moduleid=92205#rhythm_is_a_dancer.mod
https://api.modarchive.org/downloads.php?moduleid=128600#ninjastyle.mod
https://api.modarchive.org/downloads.php?moduleid=128629#no_lock_luck.mod
https://api.modarchive.org/downloads.php?moduleid=100654#pacifique.mod
https://api.modarchive.org/downloads.php?moduleid=120744#packtune5.mod
https://api.modarchive.org/downloads.php?moduleid=108892#path_of_harmony.mod
https://api.modarchive.org/downloads.php?moduleid=67656#rob_mat_.mod
https://api.modarchive.org/downloads.php?moduleid=128183#modrosion.mod
https://api.modarchive.org/downloads.php?moduleid=98560#monotonika.mod
https://api.modarchive.org/downloads.php?moduleid=128415#naffjungl_4.mod
https://api.modarchive.org/downloads.php?moduleid=107739#nevermind_27.mod
